Archive member included to satisfy reference by file (symbol)

c:/program files (x86)/gnu tools arm embedded/5.4 2016q3/bin/../lib/gcc/arm-none-eabi/5.4.1/armv7e-m\libgcc.a(_arm_addsubdf3.o)
                              ..\obj\tm_stm32f4_timer_properties.o (__aeabi_ui2d)
c:/program files (x86)/gnu tools arm embedded/5.4 2016q3/bin/../lib/gcc/arm-none-eabi/5.4.1/armv7e-m\libgcc.a(_arm_muldivdf3.o)
                              ..\obj\tm_stm32f4_timer_properties.o (__aeabi_ddiv)
c:/program files (x86)/gnu tools arm embedded/5.4 2016q3/bin/../lib/gcc/arm-none-eabi/5.4.1/armv7e-m\libgcc.a(_arm_cmpdf2.o)
                              ..\obj\tm_stm32f4_timer_properties.o (__aeabi_dcmpeq)
c:/program files (x86)/gnu tools arm embedded/5.4 2016q3/bin/../lib/gcc/arm-none-eabi/5.4.1/armv7e-m\libgcc.a(_arm_fixunsdfsi.o)
                              ..\obj\tm_stm32f4_timer_properties.o (__aeabi_d2uiz)
c:/program files (x86)/gnu tools arm embedded/5.4 2016q3/bin/../lib/gcc/arm-none-eabi/5.4.1/armv7e-m\libgcc.a(_arm_addsubsf3.o)
                              ..\obj\main.o (__aeabi_ui2f)
c:/program files (x86)/gnu tools arm embedded/5.4 2016q3/bin/../lib/gcc/arm-none-eabi/5.4.1/armv7e-m\libgcc.a(_arm_cmpsf2.o)
                              ..\obj\main.o (__aeabi_fcmplt)
c:/program files (x86)/gnu tools arm embedded/5.4 2016q3/bin/../lib/gcc/arm-none-eabi/5.4.1/../../../../arm-none-eabi/lib/armv7e-m\libg.a(lib_a-malloc.o)
                              ..\obj\tm_stm32f4_delay.o (malloc)
c:/program files (x86)/gnu tools arm embedded/5.4 2016q3/bin/../lib/gcc/arm-none-eabi/5.4.1/../../../../arm-none-eabi/lib/armv7e-m\libg.a(lib_a-mallocr.o)
                              c:/program files (x86)/gnu tools arm embedded/5.4 2016q3/bin/../lib/gcc/arm-none-eabi/5.4.1/../../../../arm-none-eabi/lib/armv7e-m\libg.a(lib_a-malloc.o) (_malloc_r)
c:/program files (x86)/gnu tools arm embedded/5.4 2016q3/bin/../lib/gcc/arm-none-eabi/5.4.1/../../../../arm-none-eabi/lib/armv7e-m\libg.a(lib_a-mlock.o)
                              c:/program files (x86)/gnu tools arm embedded/5.4 2016q3/bin/../lib/gcc/arm-none-eabi/5.4.1/../../../../arm-none-eabi/lib/armv7e-m\libg.a(lib_a-mallocr.o) (__malloc_lock)
c:/program files (x86)/gnu tools arm embedded/5.4 2016q3/bin/../lib/gcc/arm-none-eabi/5.4.1/../../../../arm-none-eabi/lib/armv7e-m\libg.a(lib_a-sbrkr.o)
                              c:/program files (x86)/gnu tools arm embedded/5.4 2016q3/bin/../lib/gcc/arm-none-eabi/5.4.1/../../../../arm-none-eabi/lib/armv7e-m\libg.a(lib_a-mallocr.o) (_sbrk_r)
c:/program files (x86)/gnu tools arm embedded/5.4 2016q3/bin/../lib/gcc/arm-none-eabi/5.4.1/../../../../arm-none-eabi/lib/armv7e-m\libg.a(lib_a-freer.o)
                              c:/program files (x86)/gnu tools arm embedded/5.4 2016q3/bin/../lib/gcc/arm-none-eabi/5.4.1/../../../../arm-none-eabi/lib/armv7e-m\libg.a(lib_a-malloc.o) (_free_r)
c:/program files (x86)/gnu tools arm embedded/5.4 2016q3/bin/../lib/gcc/arm-none-eabi/5.4.1/../../../../arm-none-eabi/lib/armv7e-m\libg.a(lib_a-impure.o)
                              c:/program files (x86)/gnu tools arm embedded/5.4 2016q3/bin/../lib/gcc/arm-none-eabi/5.4.1/../../../../arm-none-eabi/lib/armv7e-m\libg.a(lib_a-malloc.o) (_impure_ptr)
c:/program files (x86)/gnu tools arm embedded/5.4 2016q3/bin/../lib/gcc/arm-none-eabi/5.4.1/../../../../arm-none-eabi/lib/armv7e-m\libg.a(lib_a-reent.o)
                              c:/program files (x86)/gnu tools arm embedded/5.4 2016q3/bin/../lib/gcc/arm-none-eabi/5.4.1/../../../../arm-none-eabi/lib/armv7e-m\libg.a(lib_a-sbrkr.o) (errno)

Allocating common symbols
Common symbol       size              file

dev                 0xc               ..\obj\main.o
temparature1        0x1               ..\obj\main.o
errno               0x4               c:/program files (x86)/gnu tools arm embedded/5.4 2016q3/bin/../lib/gcc/arm-none-eabi/5.4.1/../../../../arm-none-eabi/lib/armv7e-m\libg.a(lib_a-reent.o)
humidity1           0x1               ..\obj\main.o
mult                0x4               ..\obj\tm_stm32f4_delay.o
str                 0x3               ..\obj\main.o
ADC_Result          0x4               ..\obj\main.o

Discarded input sections

 .text          0x00000000        0x0 ..\obj\tm_stm32f4_hd44780.o
 .data          0x00000000        0x0 ..\obj\tm_stm32f4_hd44780.o
 .text.TM_HD44780_DisplayOff
                0x00000000       0x2c ..\obj\tm_stm32f4_hd44780.o
 .text.TM_HD44780_BlinkOn
                0x00000000       0x2c ..\obj\tm_stm32f4_hd44780.o
 .text.TM_HD44780_BlinkOff
                0x00000000       0x2c ..\obj\tm_stm32f4_hd44780.o
 .text.TM_HD44780_CursorOn
                0x00000000       0x2c ..\obj\tm_stm32f4_hd44780.o
 .text.TM_HD44780_CursorOff
                0x00000000       0x2c ..\obj\tm_stm32f4_hd44780.o
 .text.TM_HD44780_ScrollLeft
                0x00000000       0x10 ..\obj\tm_stm32f4_hd44780.o
 .text.TM_HD44780_ScrollRight
                0x00000000       0x10 ..\obj\tm_stm32f4_hd44780.o
 .text.TM_HD44780_CreateChar
                0x00000000       0x50 ..\obj\tm_stm32f4_hd44780.o
 .text.TM_HD44780_PutCustom
                0x00000000       0x30 ..\obj\tm_stm32f4_hd44780.o
 .text          0x00000000        0x0 ..\obj\startup_stm32f4xx.o
 .data          0x00000000        0x0 ..\obj\startup_stm32f4xx.o
 .bss           0x00000000        0x0 ..\obj\startup_stm32f4xx.o
 .text          0x00000000        0x0 ..\obj\main.o
 .data          0x00000000        0x0 ..\obj\main.o
 .bss           0x00000000        0x4 ..\obj\main.o
 .text          0x00000000        0x0 ..\obj\stm32f4xx_rcc.o
 .data          0x00000000       0x10 ..\obj\stm32f4xx_rcc.o
 .bss           0x00000000        0x0 ..\obj\stm32f4xx_rcc.o
 .text.RCC_DeInit
                0x00000000       0x50 ..\obj\stm32f4xx_rcc.o
 .text.RCC_HSEConfig
                0x00000000       0x24 ..\obj\stm32f4xx_rcc.o
 .text.RCC_WaitForHSEStartUp
                0x00000000       0x50 ..\obj\stm32f4xx_rcc.o
 .text.RCC_AdjustHSICalibrationValue
                0x00000000       0x3c ..\obj\stm32f4xx_rcc.o
 .text.RCC_HSICmd
                0x00000000       0x20 ..\obj\stm32f4xx_rcc.o
 .text.RCC_LSEConfig
                0x00000000       0x40 ..\obj\stm32f4xx_rcc.o
 .text.RCC_LSICmd
                0x00000000       0x20 ..\obj\stm32f4xx_rcc.o
 .text.RCC_PLLConfig
                0x00000000       0x3c ..\obj\stm32f4xx_rcc.o
 .text.RCC_PLLCmd
                0x00000000       0x20 ..\obj\stm32f4xx_rcc.o
 .text.RCC_PLLI2SConfig
                0x00000000       0x28 ..\obj\stm32f4xx_rcc.o
 .text.RCC_PLLI2SCmd
                0x00000000       0x20 ..\obj\stm32f4xx_rcc.o
 .text.RCC_ClockSecuritySystemCmd
                0x00000000       0x20 ..\obj\stm32f4xx_rcc.o
 .text.RCC_MCO1Config
                0x00000000       0x3c ..\obj\stm32f4xx_rcc.o
 .text.RCC_MCO2Config
                0x00000000       0x3c ..\obj\stm32f4xx_rcc.o
 .text.RCC_SYSCLKConfig
                0x00000000       0x38 ..\obj\stm32f4xx_rcc.o
 .text.RCC_GetSYSCLKSource
                0x00000000       0x1c ..\obj\stm32f4xx_rcc.o
 .text.RCC_HCLKConfig
                0x00000000       0x38 ..\obj\stm32f4xx_rcc.o
 .text.RCC_PCLK1Config
                0x00000000       0x38 ..\obj\stm32f4xx_rcc.o
 .text.RCC_PCLK2Config
                0x00000000       0x38 ..\obj\stm32f4xx_rcc.o
 .text.RCC_GetClocksFreq
                0x00000000      0x154 ..\obj\stm32f4xx_rcc.o
 .text.RCC_RTCCLKConfig
                0x00000000       0x5c ..\obj\stm32f4xx_rcc.o
 .text.RCC_RTCCLKCmd
                0x00000000       0x20 ..\obj\stm32f4xx_rcc.o
 .text.RCC_BackupResetCmd
                0x00000000       0x20 ..\obj\stm32f4xx_rcc.o
 .text.RCC_I2SCLKConfig
                0x00000000       0x1c ..\obj\stm32f4xx_rcc.o
 .text.RCC_AHB2PeriphClockCmd
                0x00000000       0x3c ..\obj\stm32f4xx_rcc.o
 .text.RCC_AHB3PeriphClockCmd
                0x00000000       0x3c ..\obj\stm32f4xx_rcc.o
 .text.RCC_AHB1PeriphResetCmd
                0x00000000       0x3c ..\obj\stm32f4xx_rcc.o
 .text.RCC_AHB2PeriphResetCmd
                0x00000000       0x3c ..\obj\stm32f4xx_rcc.o
 .text.RCC_AHB3PeriphResetCmd
                0x00000000       0x3c ..\obj\stm32f4xx_rcc.o
 .text.RCC_APB1PeriphResetCmd
                0x00000000       0x3c ..\obj\stm32f4xx_rcc.o
 .text.RCC_APB2PeriphResetCmd
                0x00000000       0x3c ..\obj\stm32f4xx_rcc.o
 .text.RCC_AHB1PeriphClockLPModeCmd
                0x00000000       0x3c ..\obj\stm32f4xx_rcc.o
 .text.RCC_AHB2PeriphClockLPModeCmd
                0x00000000       0x3c ..\obj\stm32f4xx_rcc.o
 .text.RCC_AHB3PeriphClockLPModeCmd
                0x00000000       0x3c ..\obj\stm32f4xx_rcc.o
 .text.RCC_APB1PeriphClockLPModeCmd
                0x00000000       0x3c ..\obj\stm32f4xx_rcc.o
 .text.RCC_APB2PeriphClockLPModeCmd
                0x00000000       0x3c ..\obj\stm32f4xx_rcc.o
 .text.RCC_ITConfig
                0x00000000       0x4c ..\obj\stm32f4xx_rcc.o
 .text.RCC_GetFlagStatus
                0x00000000       0x74 ..\obj\stm32f4xx_rcc.o
 .text.RCC_ClearFlag
                0x00000000       0x1c ..\obj\stm32f4xx_rcc.o
 .text.RCC_GetITStatus
                0x00000000       0x34 ..\obj\stm32f4xx_rcc.o
 .text.RCC_ClearITPendingBit
                0x00000000       0x20 ..\obj\stm32f4xx_rcc.o
 .text          0x00000000        0x0 ..\obj\stm32f4xx_adc.o
 .data          0x00000000        0x0 ..\obj\stm32f4xx_adc.o
 .bss           0x00000000        0x0 ..\obj\stm32f4xx_adc.o
 .text.ADC_DeInit
                0x00000000       0x1c ..\obj\stm32f4xx_adc.o
 .text.ADC_StructInit
                0x00000000       0x3c ..\obj\stm32f4xx_adc.o
 .text.ADC_CommonStructInit
                0x00000000       0x2c ..\obj\stm32f4xx_adc.o
 .text.ADC_AnalogWatchdogCmd
                0x00000000       0x38 ..\obj\stm32f4xx_adc.o
 .text.ADC_AnalogWatchdogThresholdsConfig
                0x00000000       0x28 ..\obj\stm32f4xx_adc.o
 .text.ADC_AnalogWatchdogSingleChannelConfig
                0x00000000       0x38 ..\obj\stm32f4xx_adc.o
 .text.ADC_TempSensorVrefintCmd
                0x00000000       0x38 ..\obj\stm32f4xx_adc.o
 .text.ADC_VBATCmd
                0x00000000       0x38 ..\obj\stm32f4xx_adc.o
 .text.ADC_GetSoftwareStartConvStatus
                0x00000000       0x30 ..\obj\stm32f4xx_adc.o
 .text.ADC_EOCOnEachRegularChannelCmd
                0x00000000       0x38 ..\obj\stm32f4xx_adc.o
 .text.ADC_ContinuousModeCmd
                0x00000000       0x38 ..\obj\stm32f4xx_adc.o
 .text.ADC_DiscModeChannelCountConfig
                0x00000000       0x44 ..\obj\stm32f4xx_adc.o
 .text.ADC_DiscModeCmd
                0x00000000       0x38 ..\obj\stm32f4xx_adc.o
 .text.ADC_GetMultiModeConversionValue
                0x00000000       0x14 ..\obj\stm32f4xx_adc.o
 .text.ADC_DMACmd
                0x00000000       0x38 ..\obj\stm32f4xx_adc.o
 .text.ADC_DMARequestAfterLastTransferCmd
                0x00000000       0x38 ..\obj\stm32f4xx_adc.o
 .text.ADC_MultiModeDMARequestAfterLastTransferCmd
                0x00000000       0x38 ..\obj\stm32f4xx_adc.o
 .text.ADC_InjectedChannelConfig
                0x00000000      0x120 ..\obj\stm32f4xx_adc.o
 .text.ADC_InjectedSequencerLengthConfig
                0x00000000       0x44 ..\obj\stm32f4xx_adc.o
 .text.ADC_SetInjectedOffset
                0x00000000       0x34 ..\obj\stm32f4xx_adc.o
 .text.ADC_ExternalTrigInjectedConvConfig
                0x00000000       0x34 ..\obj\stm32f4xx_adc.o
 .text.ADC_ExternalTrigInjectedConvEdgeConfig
                0x00000000       0x34 ..\obj\stm32f4xx_adc.o
 .text.ADC_SoftwareStartInjectedConv
                0x00000000       0x20 ..\obj\stm32f4xx_adc.o
 .text.ADC_GetSoftwareStartInjectedConvCmdStatus
                0x00000000       0x30 ..\obj\stm32f4xx_adc.o
 .text.ADC_AutoInjectedConvCmd
                0x00000000       0x38 ..\obj\stm32f4xx_adc.o
 .text.ADC_InjectedDiscModeCmd
                0x00000000       0x38 ..\obj\stm32f4xx_adc.o
 .text.ADC_GetInjectedConversionValue
                0x00000000       0x30 ..\obj\stm32f4xx_adc.o
 .text.ADC_ITConfig
                0x00000000       0x50 ..\obj\stm32f4xx_adc.o
 .text.ADC_ClearFlag
                0x00000000       0x20 ..\obj\stm32f4xx_adc.o
 .text.ADC_GetITStatus
                0x00000000       0x5c ..\obj\stm32f4xx_adc.o
 .text.ADC_ClearITPendingBit
                0x00000000       0x2c ..\obj\stm32f4xx_adc.o
 .text          0x00000000        0x0 ..\obj\tm_stm32f4_delay.o
 .data          0x00000000        0x0 ..\obj\tm_stm32f4_delay.o
 .text.TM_DELAY_EnableDelayTimer
                0x00000000       0x2c ..\obj\tm_stm32f4_delay.o
 .text.TM_DELAY_DisableDelayTimer
                0x00000000       0x1c ..\obj\tm_stm32f4_delay.o
 .text.TM_DELAY_TimerCreate
                0x00000000       0x7c ..\obj\tm_stm32f4_delay.o
 .text.TM_DELAY_TimerDelete
                0x00000000       0xa8 ..\obj\tm_stm32f4_delay.o
 .text.TM_DELAY_TimerStop
                0x00000000       0x1c ..\obj\tm_stm32f4_delay.o
 .text.TM_DELAY_TimerStart
                0x00000000       0x1c ..\obj\tm_stm32f4_delay.o
 .text.TM_DELAY_TimerReset
                0x00000000       0x1c ..\obj\tm_stm32f4_delay.o
 .text.TM_DELAY_TimerAutoReload
                0x00000000       0x20 ..\obj\tm_stm32f4_delay.o
 .text.TM_DELAY_TimerAutoReloadValue
                0x00000000       0x1c ..\obj\tm_stm32f4_delay.o
 .text          0x00000000        0x0 ..\obj\stm32f4xx_gpio.o
 .data          0x00000000        0x0 ..\obj\stm32f4xx_gpio.o
 .bss           0x00000000        0x0 ..\obj\stm32f4xx_gpio.o
 .text.GPIO_DeInit
                0x00000000      0x120 ..\obj\stm32f4xx_gpio.o
 .text.GPIO_StructInit
                0x00000000       0x34 ..\obj\stm32f4xx_gpio.o
 .text.GPIO_PinLockConfig
                0x00000000       0x44 ..\obj\stm32f4xx_gpio.o
 .text.GPIO_ReadInputData
                0x00000000       0x18 ..\obj\stm32f4xx_gpio.o
 .text.GPIO_ReadOutputDataBit
                0x00000000       0x34 ..\obj\stm32f4xx_gpio.o
 .text.GPIO_ReadOutputData
                0x00000000       0x18 ..\obj\stm32f4xx_gpio.o
 .text.GPIO_WriteBit
                0x00000000       0x30 ..\obj\stm32f4xx_gpio.o
 .text.GPIO_Write
                0x00000000       0x1c ..\obj\stm32f4xx_gpio.o
 .text.GPIO_ToggleBits
                0x00000000       0x24 ..\obj\stm32f4xx_gpio.o
 .text.GPIO_PinAFConfig
                0x00000000       0x90 ..\obj\stm32f4xx_gpio.o
 .text          0x00000000        0x0 ..\obj\a1.o
 .data          0x00000000        0x0 ..\obj\a1.o
 .bss           0x00000000        0x0 ..\obj\a1.o
 .text          0x00000000        0x0 ..\obj\system_stm32f4xx.o
 .bss           0x00000000        0x0 ..\obj\system_stm32f4xx.o
 .text          0x00000000        0x0 ..\obj\stm32f4xx_exti.o
 .data          0x00000000        0x0 ..\obj\stm32f4xx_exti.o
 .bss           0x00000000        0x0 ..\obj\stm32f4xx_exti.o
 .text.EXTI_DeInit
                0x00000000       0x34 ..\obj\stm32f4xx_exti.o
 .text.EXTI_Init
                0x00000000       0xe4 ..\obj\stm32f4xx_exti.o
 .text.EXTI_StructInit
                0x00000000       0x2c ..\obj\stm32f4xx_exti.o
 .text.EXTI_GenerateSWInterrupt
                0x00000000       0x24 ..\obj\stm32f4xx_exti.o
 .text.EXTI_GetFlagStatus
                0x00000000       0x34 ..\obj\stm32f4xx_exti.o
 .text.EXTI_ClearFlag
                0x00000000       0x1c ..\obj\stm32f4xx_exti.o
 .text.EXTI_GetITStatus
                0x00000000       0x48 ..\obj\stm32f4xx_exti.o
 .text.EXTI_ClearITPendingBit
                0x00000000       0x1c ..\obj\stm32f4xx_exti.o
 .debug_info    0x00000000      0x357 ..\obj\stm32f4xx_exti.o
 .debug_abbrev  0x00000000      0x1a9 ..\obj\stm32f4xx_exti.o
 .debug_aranges
                0x00000000       0x58 ..\obj\stm32f4xx_exti.o
 .debug_ranges  0x00000000       0x48 ..\obj\stm32f4xx_exti.o
 .debug_line    0x00000000      0x2d1 ..\obj\stm32f4xx_exti.o
 .debug_str     0x00000000      0x35d ..\obj\stm32f4xx_exti.o
 .comment       0x00000000       0x6f ..\obj\stm32f4xx_exti.o
 .debug_frame   0x00000000      0x148 ..\obj\stm32f4xx_exti.o
 .ARM.attributes
                0x00000000       0x33 ..\obj\stm32f4xx_exti.o
 .text          0x00000000        0x0 ..\obj\tm_stm32f4_gpio.o
 .data          0x00000000        0x0 ..\obj\tm_stm32f4_gpio.o
 .text.TM_GPIO_InitAlternate
                0x00000000       0xa8 ..\obj\tm_stm32f4_gpio.o
 .text.TM_GPIO_DeInit
                0x00000000       0x80 ..\obj\tm_stm32f4_gpio.o
 .text.TM_GPIO_SetPinAsInput
                0x00000000       0x50 ..\obj\tm_stm32f4_gpio.o
 .text.TM_GPIO_SetPinAsOutput
                0x00000000       0x5c ..\obj\tm_stm32f4_gpio.o
 .text.TM_GPIO_SetPinAsAnalog
                0x00000000       0x4c ..\obj\tm_stm32f4_gpio.o
 .text.TM_GPIO_SetPinAsAlternate
                0x00000000       0x60 ..\obj\tm_stm32f4_gpio.o
 .text.TM_GPIO_SetPullResistor
                0x00000000       0x64 ..\obj\tm_stm32f4_gpio.o
 .text.TM_GPIO_Lock
                0x00000000       0x38 ..\obj\tm_stm32f4_gpio.o
 .text.TM_GPIO_GetPinSource
                0x00000000       0x30 ..\obj\tm_stm32f4_gpio.o
 .text.TM_GPIO_INT_DisableClock
                0x00000000       0x30 ..\obj\tm_stm32f4_gpio.o
 .text.TM_GPIO_GetUsedPins
                0x00000000       0x24 ..\obj\tm_stm32f4_gpio.o
 .text.TM_GPIO_GetFreePins
                0x00000000       0x28 ..\obj\tm_stm32f4_gpio.o
 .text          0x00000000        0x0 ..\obj\tm_stm32f4_timer_properties.o
 .data          0x00000000        0x0 ..\obj\tm_stm32f4_timer_properties.o
 .bss           0x00000000        0x0 ..\obj\tm_stm32f4_timer_properties.o
 .text.TM_TIMER_PROPERTIES_GetTimerProperties
                0x00000000      0x100 ..\obj\tm_stm32f4_timer_properties.o
 .text.TM_TIMER_PROPERTIES_GenerateDataForWorkingFrequency
                0x00000000      0x118 ..\obj\tm_stm32f4_timer_properties.o
 .text.TM_TIMER_PROPERTIES_EnableClock
                0x00000000      0x148 ..\obj\tm_stm32f4_timer_properties.o
 .text.TM_TIMER_PROPERTIES_DisableClock
                0x00000000      0x148 ..\obj\tm_stm32f4_timer_properties.o
 .debug_info    0x00000000      0x481 ..\obj\tm_stm32f4_timer_properties.o
 .debug_abbrev  0x00000000      0x10b ..\obj\tm_stm32f4_timer_properties.o
 .debug_aranges
                0x00000000       0x38 ..\obj\tm_stm32f4_timer_properties.o
 .debug_ranges  0x00000000       0x28 ..\obj\tm_stm32f4_timer_properties.o
 .debug_line    0x00000000      0x2cc ..\obj\tm_stm32f4_timer_properties.o
 .debug_str     0x00000000      0x4ee ..\obj\tm_stm32f4_timer_properties.o
 .comment       0x00000000       0x6f ..\obj\tm_stm32f4_timer_properties.o
 .debug_frame   0x00000000       0xa4 ..\obj\tm_stm32f4_timer_properties.o
 .ARM.attributes
                0x00000000       0x33 ..\obj\tm_stm32f4_timer_properties.o
 .text          0x00000000        0x0 ..\obj\stm32f4xx_tim.o
 .data          0x00000000        0x0 ..\obj\stm32f4xx_tim.o
 .bss           0x00000000        0x0 ..\obj\stm32f4xx_tim.o
 .text.TIM_DeInit
                0x00000000      0x1c0 ..\obj\stm32f4xx_tim.o
 .text.TIM_TimeBaseStructInit
                0x00000000       0x34 ..\obj\stm32f4xx_tim.o
 .text.TIM_PrescalerConfig
                0x00000000       0x28 ..\obj\stm32f4xx_tim.o
 .text.TIM_CounterModeConfig
                0x00000000       0x38 ..\obj\stm32f4xx_tim.o
 .text.TIM_SetAutoreload
                0x00000000       0x1c ..\obj\stm32f4xx_tim.o
 .text.TIM_GetPrescaler
                0x00000000       0x18 ..\obj\stm32f4xx_tim.o
 .text.TIM_UpdateDisableConfig
                0x00000000       0x40 ..\obj\stm32f4xx_tim.o
 .text.TIM_UpdateRequestConfig
                0x00000000       0x40 ..\obj\stm32f4xx_tim.o
 .text.TIM_ARRPreloadConfig
                0x00000000       0x40 ..\obj\stm32f4xx_tim.o
 .text.TIM_SelectOnePulseMode
                0x00000000       0x38 ..\obj\stm32f4xx_tim.o
 .text.TIM_SetClockDivision
                0x00000000       0x38 ..\obj\stm32f4xx_tim.o
 .text.TIM_OC1Init
                0x00000000       0xf4 ..\obj\stm32f4xx_tim.o
 .text.TIM_OC2Init
                0x00000000      0x110 ..\obj\stm32f4xx_tim.o
 .text.TIM_OC3Init
                0x00000000      0x10c ..\obj\stm32f4xx_tim.o
 .text.TIM_OC4Init
                0x00000000       0xcc ..\obj\stm32f4xx_tim.o
 .text.TIM_OCStructInit
                0x00000000       0x44 ..\obj\stm32f4xx_tim.o
 .text.TIM_SelectOCxM
                0x00000000       0xb0 ..\obj\stm32f4xx_tim.o
 .text.TIM_SetCompare1
                0x00000000       0x1c ..\obj\stm32f4xx_tim.o
 .text.TIM_SetCompare2
                0x00000000       0x1c ..\obj\stm32f4xx_tim.o
 .text.TIM_SetCompare3
                0x00000000       0x1c ..\obj\stm32f4xx_tim.o
 .text.TIM_SetCompare4
                0x00000000       0x1c ..\obj\stm32f4xx_tim.o
 .text.TIM_ForcedOC1Config
                0x00000000       0x38 ..\obj\stm32f4xx_tim.o
 .text.TIM_ForcedOC2Config
                0x00000000       0x3c ..\obj\stm32f4xx_tim.o
 .text.TIM_ForcedOC3Config
                0x00000000       0x38 ..\obj\stm32f4xx_tim.o
 .text.TIM_ForcedOC4Config
                0x00000000       0x3c ..\obj\stm32f4xx_tim.o
 .text.TIM_OC1PreloadConfig
                0x00000000       0x38 ..\obj\stm32f4xx_tim.o
 .text.TIM_OC2PreloadConfig
                0x00000000       0x3c ..\obj\stm32f4xx_tim.o
 .text.TIM_OC3PreloadConfig
                0x00000000       0x38 ..\obj\stm32f4xx_tim.o
 .text.TIM_OC4PreloadConfig
                0x00000000       0x3c ..\obj\stm32f4xx_tim.o
 .text.TIM_OC1FastConfig
                0x00000000       0x38 ..\obj\stm32f4xx_tim.o
 .text.TIM_OC2FastConfig
                0x00000000       0x3c ..\obj\stm32f4xx_tim.o
 .text.TIM_OC3FastConfig
                0x00000000       0x38 ..\obj\stm32f4xx_tim.o
 .text.TIM_OC4FastConfig
                0x00000000       0x3c ..\obj\stm32f4xx_tim.o
 .text.TIM_ClearOC1Ref
                0x00000000       0x38 ..\obj\stm32f4xx_tim.o
 .text.TIM_ClearOC2Ref
                0x00000000       0x3c ..\obj\stm32f4xx_tim.o
 .text.TIM_ClearOC3Ref
                0x00000000       0x38 ..\obj\stm32f4xx_tim.o
 .text.TIM_ClearOC4Ref
                0x00000000       0x3c ..\obj\stm32f4xx_tim.o
 .text.TIM_OC1PolarityConfig
                0x00000000       0x38 ..\obj\stm32f4xx_tim.o
 .text.TIM_OC1NPolarityConfig
                0x00000000       0x38 ..\obj\stm32f4xx_tim.o
 .text.TIM_OC2PolarityConfig
                0x00000000       0x3c ..\obj\stm32f4xx_tim.o
 .text.TIM_OC2NPolarityConfig
                0x00000000       0x3c ..\obj\stm32f4xx_tim.o
 .text.TIM_OC3PolarityConfig
                0x00000000       0x3c ..\obj\stm32f4xx_tim.o
 .text.TIM_OC3NPolarityConfig
                0x00000000       0x3c ..\obj\stm32f4xx_tim.o
 .text.TIM_OC4PolarityConfig
                0x00000000       0x3c ..\obj\stm32f4xx_tim.o
 .text.TIM_CCxCmd
                0x00000000       0x54 ..\obj\stm32f4xx_tim.o
 .text.TIM_CCxNCmd
                0x00000000       0x54 ..\obj\stm32f4xx_tim.o
 .text.TIM_ICInit
                0x00000000       0xa8 ..\obj\stm32f4xx_tim.o
 .text.TIM_ICStructInit
                0x00000000       0x30 ..\obj\stm32f4xx_tim.o
 .text.TIM_PWMIConfig
                0x00000000       0xb8 ..\obj\stm32f4xx_tim.o
 .text.TIM_GetCapture1
                0x00000000       0x18 ..\obj\stm32f4xx_tim.o
 .text.TIM_GetCapture2
                0x00000000       0x18 ..\obj\stm32f4xx_tim.o
 .text.TIM_GetCapture3
                0x00000000       0x18 ..\obj\stm32f4xx_tim.o
 .text.TIM_GetCapture4
                0x00000000       0x18 ..\obj\stm32f4xx_tim.o
 .text.TIM_SetIC1Prescaler
                0x00000000       0x38 ..\obj\stm32f4xx_tim.o
 .text.TIM_SetIC2Prescaler
                0x00000000       0x3c ..\obj\stm32f4xx_tim.o
 .text.TIM_SetIC3Prescaler
                0x00000000       0x38 ..\obj\stm32f4xx_tim.o
 .text.TIM_SetIC4Prescaler
                0x00000000       0x3c ..\obj\stm32f4xx_tim.o
 .text.TIM_BDTRConfig
                0x00000000       0x50 ..\obj\stm32f4xx_tim.o
 .text.TIM_BDTRStructInit
                0x00000000       0x3c ..\obj\stm32f4xx_tim.o
 .text.TIM_CtrlPWMOutputs
                0x00000000       0x4c ..\obj\stm32f4xx_tim.o
 .text.TIM_SelectCOM
                0x00000000       0x40 ..\obj\stm32f4xx_tim.o
 .text.TIM_CCPreloadControl
                0x00000000       0x40 ..\obj\stm32f4xx_tim.o
 .text.TIM_ITConfig
                0x00000000       0x48 ..\obj\stm32f4xx_tim.o
 .text.TIM_GenerateEvent
                0x00000000       0x1c ..\obj\stm32f4xx_tim.o
 .text.TIM_GetFlagStatus
                0x00000000       0x38 ..\obj\stm32f4xx_tim.o
 .text.TIM_ClearFlag
                0x00000000       0x20 ..\obj\stm32f4xx_tim.o
 .text.TIM_GetITStatus
                0x00000000       0x54 ..\obj\stm32f4xx_tim.o
 .text.TIM_ClearITPendingBit
                0x00000000       0x20 ..\obj\stm32f4xx_tim.o
 .text.TIM_DMAConfig
                0x00000000       0x28 ..\obj\stm32f4xx_tim.o
 .text.TIM_DMACmd
                0x00000000       0x48 ..\obj\stm32f4xx_tim.o
 .text.TIM_SelectCCDMA
                0x00000000       0x40 ..\obj\stm32f4xx_tim.o
 .text.TIM_InternalClockConfig
                0x00000000       0x24 ..\obj\stm32f4xx_tim.o
 .text.TIM_ITRxExternalClockConfig
                0x00000000       0x30 ..\obj\stm32f4xx_tim.o
 .text.TIM_TIxExternalClockConfig
                0x00000000       0x5c ..\obj\stm32f4xx_tim.o
 .text.TIM_ETRClockMode1Config
                0x00000000       0x60 ..\obj\stm32f4xx_tim.o
 .text.TIM_ETRClockMode2Config
                0x00000000       0x40 ..\obj\stm32f4xx_tim.o
 .text.TIM_SelectInputTrigger
                0x00000000       0x38 ..\obj\stm32f4xx_tim.o
 .text.TIM_SelectOutputTrigger
                0x00000000       0x38 ..\obj\stm32f4xx_tim.o
 .text.TIM_SelectSlaveMode
                0x00000000       0x38 ..\obj\stm32f4xx_tim.o
 .text.TIM_SelectMasterSlaveMode
                0x00000000       0x38 ..\obj\stm32f4xx_tim.o
 .text.TIM_ETRConfig
                0x00000000       0x54 ..\obj\stm32f4xx_tim.o
 .text.TIM_EncoderInterfaceConfig
                0x00000000       0x98 ..\obj\stm32f4xx_tim.o
 .text.TIM_SelectHallSensor
                0x00000000       0x40 ..\obj\stm32f4xx_tim.o
 .text.TIM_RemapConfig
                0x00000000       0x20 ..\obj\stm32f4xx_tim.o
 .text.TI1_Config
                0x00000000       0x84 ..\obj\stm32f4xx_tim.o
 .text.TI2_Config
                0x00000000       0x98 ..\obj\stm32f4xx_tim.o
 .text.TI3_Config
                0x00000000       0x90 ..\obj\stm32f4xx_tim.o
 .text.TI4_Config
                0x00000000       0x9c ..\obj\stm32f4xx_tim.o
 .text          0x00000000      0x370 c:/program files (x86)/gnu tools arm embedded/5.4 2016q3/bin/../lib/gcc/arm-none-eabi/5.4.1/armv7e-m\libgcc.a(_arm_addsubdf3.o)
 .data          0x00000000        0x0 c:/program files (x86)/gnu tools arm embedded/5.4 2016q3/bin/../lib/gcc/arm-none-eabi/5.4.1/armv7e-m\libgcc.a(_arm_addsubdf3.o)
 .bss           0x00000000        0x0 c:/program files (x86)/gnu tools arm embedded/5.4 2016q3/bin/../lib/gcc/arm-none-eabi/5.4.1/armv7e-m\libgcc.a(_arm_addsubdf3.o)
 .ARM.attributes
                0x00000000       0x1e c:/program files (x86)/gnu tools arm embedded/5.4 2016q3/bin/../lib/gcc/arm-none-eabi/5.4.1/armv7e-m\libgcc.a(_arm_addsubdf3.o)
 .text          0x00000000      0x424 c:/program files (x86)/gnu tools arm embedded/5.4 2016q3/bin/../lib/gcc/arm-none-eabi/5.4.1/armv7e-m\libgcc.a(_arm_muldivdf3.o)
 .data          0x00000000        0x0 c:/program files (x86)/gnu tools arm embedded/5.4 2016q3/bin/../lib/gcc/arm-none-eabi/5.4.1/armv7e-m\libgcc.a(_arm_muldivdf3.o)
 .bss           0x00000000        0x0 c:/program files (x86)/gnu tools arm embedded/5.4 2016q3/bin/../lib/gcc/arm-none-eabi/5.4.1/armv7e-m\libgcc.a(_arm_muldivdf3.o)
 .ARM.attributes
                0x00000000       0x1e c:/program files (x86)/gnu tools arm embedded/5.4 2016q3/bin/../lib/gcc/arm-none-eabi/5.4.1/armv7e-m\libgcc.a(_arm_muldivdf3.o)
 .text          0x00000000      0x110 c:/program files (x86)/gnu tools arm embedded/5.4 2016q3/bin/../lib/gcc/arm-none-eabi/5.4.1/armv7e-m\libgcc.a(_arm_cmpdf2.o)
 .data          0x00000000        0x0 c:/program files (x86)/gnu tools arm embedded/5.4 2016q3/bin/../lib/gcc/arm-none-eabi/5.4.1/armv7e-m\libgcc.a(_arm_cmpdf2.o)
 .bss           0x00000000        0x0 c:/program files (x86)/gnu tools arm embedded/5.4 2016q3/bin/../lib/gcc/arm-none-eabi/5.4.1/armv7e-m\libgcc.a(_arm_cmpdf2.o)
 .ARM.attributes
                0x00000000       0x1e c:/program files (x86)/gnu tools arm embedded/5.4 2016q3/bin/../lib/gcc/arm-none-eabi/5.4.1/armv7e-m\libgcc.a(_arm_cmpdf2.o)
 .text          0x00000000       0x40 c:/program files (x86)/gnu tools arm embedded/5.4 2016q3/bin/../lib/gcc/arm-none-eabi/5.4.1/armv7e-m\libgcc.a(_arm_fixunsdfsi.o)
 .data          0x00000000        0x0 c:/program files (x86)/gnu tools arm embedded/5.4 2016q3/bin/../lib/gcc/arm-none-eabi/5.4.1/armv7e-m\libgcc.a(_arm_fixunsdfsi.o)
 .bss           0x00000000        0x0 c:/program files (x86)/gnu tools arm embedded/5.4 2016q3/bin/../lib/gcc/arm-none-eabi/5.4.1/armv7e-m\libgcc.a(_arm_fixunsdfsi.o)
 .ARM.attributes
                0x00000000       0x1e c:/program files (x86)/gnu tools arm embedded/5.4 2016q3/bin/../lib/gcc/arm-none-eabi/5.4.1/armv7e-m\libgcc.a(_arm_fixunsdfsi.o)
 .data          0x00000000        0x0 c:/program files (x86)/gnu tools arm embedded/5.4 2016q3/bin/../lib/gcc/arm-none-eabi/5.4.1/armv7e-m\libgcc.a(_arm_addsubsf3.o)
 .bss           0x00000000        0x0 c:/program files (x86)/gnu tools arm embedded/5.4 2016q3/bin/../lib/gcc/arm-none-eabi/5.4.1/armv7e-m\libgcc.a(_arm_addsubsf3.o)
 .data          0x00000000        0x0 c:/program files (x86)/gnu tools arm embedded/5.4 2016q3/bin/../lib/gcc/arm-none-eabi/5.4.1/armv7e-m\libgcc.a(_arm_cmpsf2.o)
 .bss           0x00000000        0x0 c:/program files (x86)/gnu tools arm embedded/5.4 2016q3/bin/../lib/gcc/arm-none-eabi/5.4.1/armv7e-m\libgcc.a(_arm_cmpsf2.o)
 .text          0x00000000        0x0 c:/program files (x86)/gnu tools arm embedded/5.4 2016q3/bin/../lib/gcc/arm-none-eabi/5.4.1/../../../../arm-none-eabi/lib/armv7e-m\libg.a(lib_a-malloc.o)
 .data          0x00000000        0x0 c:/program files (x86)/gnu tools arm embedded/5.4 2016q3/bin/../lib/gcc/arm-none-eabi/5.4.1/../../../../arm-none-eabi/lib/armv7e-m\libg.a(lib_a-malloc.o)
 .bss           0x00000000        0x0 c:/program files (x86)/gnu tools arm embedded/5.4 2016q3/bin/../lib/gcc/arm-none-eabi/5.4.1/../../../../arm-none-eabi/lib/armv7e-m\libg.a(lib_a-malloc.o)
 .text.malloc   0x00000000       0x10 c:/program files (x86)/gnu tools arm embedded/5.4 2016q3/bin/../lib/gcc/arm-none-eabi/5.4.1/../../../../arm-none-eabi/lib/armv7e-m\libg.a(lib_a-malloc.o)
 .text.free     0x00000000       0x10 c:/program files (x86)/gnu tools arm embedded/5.4 2016q3/bin/../lib/gcc/arm-none-eabi/5.4.1/../../../../arm-none-eabi/lib/armv7e-m\libg.a(lib_a-malloc.o)
 .debug_frame   0x00000000       0x30 c:/program files (x86)/gnu tools arm embedded/5.4 2016q3/bin/../lib/gcc/arm-none-eabi/5.4.1/../../../../arm-none-eabi/lib/armv7e-m\libg.a(lib_a-malloc.o)
 .ARM.attributes
                0x00000000       0x2e c:/program files (x86)/gnu tools arm embedded/5.4 2016q3/bin/../lib/gcc/arm-none-eabi/5.4.1/../../../../arm-none-eabi/lib/armv7e-m\libg.a(lib_a-malloc.o)
 .text          0x00000000        0x0 c:/program files (x86)/gnu tools arm embedded/5.4 2016q3/bin/../lib/gcc/arm-none-eabi/5.4.1/../../../../arm-none-eabi/lib/armv7e-m\libg.a(lib_a-mallocr.o)
 .data          0x00000000        0x0 c:/program files (x86)/gnu tools arm embedded/5.4 2016q3/bin/../lib/gcc/arm-none-eabi/5.4.1/../../../../arm-none-eabi/lib/armv7e-m\libg.a(lib_a-mallocr.o)
 .bss           0x00000000        0x0 c:/program files (x86)/gnu tools arm embedded/5.4 2016q3/bin/../lib/gcc/arm-none-eabi/5.4.1/../../../../arm-none-eabi/lib/armv7e-m\libg.a(lib_a-mallocr.o)
 .text._malloc_r
                0x00000000      0x570 c:/program files (x86)/gnu tools arm embedded/5.4 2016q3/bin/../lib/gcc/arm-none-eabi/5.4.1/../../../../arm-none-eabi/lib/armv7e-m\libg.a(lib_a-mallocr.o)
 .data.__malloc_av_
                0x00000000      0x408 c:/program files (x86)/gnu tools arm embedded/5.4 2016q3/bin/../lib/gcc/arm-none-eabi/5.4.1/../../../../arm-none-eabi/lib/armv7e-m\libg.a(lib_a-mallocr.o)
 .data.__malloc_trim_threshold
                0x00000000        0x4 c:/program files (x86)/gnu tools arm embedded/5.4 2016q3/bin/../lib/gcc/arm-none-eabi/5.4.1/../../../../arm-none-eabi/lib/armv7e-m\libg.a(lib_a-mallocr.o)
 .bss.__malloc_max_total_mem
                0x00000000        0x4 c:/program files (x86)/gnu tools arm embedded/5.4 2016q3/bin/../lib/gcc/arm-none-eabi/5.4.1/../../../../arm-none-eabi/lib/armv7e-m\libg.a(lib_a-mallocr.o)
 .bss.__malloc_max_sbrked_mem
                0x00000000        0x4 c:/program files (x86)/gnu tools arm embedded/5.4 2016q3/bin/../lib/gcc/arm-none-eabi/5.4.1/../../../../arm-none-eabi/lib/armv7e-m\libg.a(lib_a-mallocr.o)
 .bss.__malloc_top_pad
                0x00000000        0x4 c:/program files (x86)/gnu tools arm embedded/5.4 2016q3/bin/../lib/gcc/arm-none-eabi/5.4.1/../../../../arm-none-eabi/lib/armv7e-m\libg.a(lib_a-mallocr.o)
 .bss.__malloc_current_mallinfo
                0x00000000       0x28 c:/program files (x86)/gnu tools arm embedded/5.4 2016q3/bin/../lib/gcc/arm-none-eabi/5.4.1/../../../../arm-none-eabi/lib/armv7e-m\libg.a(lib_a-mallocr.o)
 .data.__malloc_sbrk_base
                0x00000000        0x4 c:/program files (x86)/gnu tools arm embedded/5.4 2016q3/bin/../lib/gcc/arm-none-eabi/5.4.1/../../../../arm-none-eabi/lib/armv7e-m\libg.a(lib_a-mallocr.o)
 .debug_frame   0x00000000       0x58 c:/program files (x86)/gnu tools arm embedded/5.4 2016q3/bin/../lib/gcc/arm-none-eabi/5.4.1/../../../../arm-none-eabi/lib/armv7e-m\libg.a(lib_a-mallocr.o)
 .ARM.attributes
                0x00000000       0x2e c:/program files (x86)/gnu tools arm embedded/5.4 2016q3/bin/../lib/gcc/arm-none-eabi/5.4.1/../../../../arm-none-eabi/lib/armv7e-m\libg.a(lib_a-mallocr.o)
 .text          0x00000000        0x0 c:/program files (x86)/gnu tools arm embedded/5.4 2016q3/bin/../lib/gcc/arm-none-eabi/5.4.1/../../../../arm-none-eabi/lib/armv7e-m\libg.a(lib_a-mlock.o)
 .data          0x00000000        0x0 c:/program files (x86)/gnu tools arm embedded/5.4 2016q3/bin/../lib/gcc/arm-none-eabi/5.4.1/../../../../arm-none-eabi/lib/armv7e-m\libg.a(lib_a-mlock.o)
 .bss           0x00000000        0x0 c:/program files (x86)/gnu tools arm embedded/5.4 2016q3/bin/../lib/gcc/arm-none-eabi/5.4.1/../../../../arm-none-eabi/lib/armv7e-m\libg.a(lib_a-mlock.o)
 .text.__malloc_lock
                0x00000000        0x4 c:/program files (x86)/gnu tools arm embedded/5.4 2016q3/bin/../lib/gcc/arm-none-eabi/5.4.1/../../../../arm-none-eabi/lib/armv7e-m\libg.a(lib_a-mlock.o)
 .text.__malloc_unlock
                0x00000000        0x4 c:/program files (x86)/gnu tools arm embedded/5.4 2016q3/bin/../lib/gcc/arm-none-eabi/5.4.1/../../../../arm-none-eabi/lib/armv7e-m\libg.a(lib_a-mlock.o)
 .debug_frame   0x00000000       0x30 c:/program files (x86)/gnu tools arm embedded/5.4 2016q3/bin/../lib/gcc/arm-none-eabi/5.4.1/../../../../arm-none-eabi/lib/armv7e-m\libg.a(lib_a-mlock.o)
 .ARM.attributes
                0x00000000       0x2e c:/program files (x86)/gnu tools arm embedded/5.4 2016q3/bin/../lib/gcc/arm-none-eabi/5.4.1/../../../../arm-none-eabi/lib/armv7e-m\libg.a(lib_a-mlock.o)
 .text          0x00000000        0x0 c:/program files (x86)/gnu tools arm embedded/5.4 2016q3/bin/../lib/gcc/arm-none-eabi/5.4.1/../../../../arm-none-eabi/lib/armv7e-m\libg.a(lib_a-sbrkr.o)
 .data          0x00000000        0x0 c:/program files (x86)/gnu tools arm embedded/5.4 2016q3/bin/../lib/gcc/arm-none-eabi/5.4.1/../../../../arm-none-eabi/lib/armv7e-m\libg.a(lib_a-sbrkr.o)
 .bss           0x00000000        0x0 c:/program files (x86)/gnu tools arm embedded/5.4 2016q3/bin/../lib/gcc/arm-none-eabi/5.4.1/../../../../arm-none-eabi/lib/armv7e-m\libg.a(lib_a-sbrkr.o)
 .text._sbrk_r  0x00000000       0x24 c:/program files (x86)/gnu tools arm embedded/5.4 2016q3/bin/../lib/gcc/arm-none-eabi/5.4.1/../../../../arm-none-eabi/lib/armv7e-m\libg.a(lib_a-sbrkr.o)
 .debug_frame   0x00000000       0x2c c:/program files (x86)/gnu tools arm embedded/5.4 2016q3/bin/../lib/gcc/arm-none-eabi/5.4.1/../../../../arm-none-eabi/lib/armv7e-m\libg.a(lib_a-sbrkr.o)
 .ARM.attributes
                0x00000000       0x2e c:/program files (x86)/gnu tools arm embedded/5.4 2016q3/bin/../lib/gcc/arm-none-eabi/5.4.1/../../../../arm-none-eabi/lib/armv7e-m\libg.a(lib_a-sbrkr.o)
 .text          0x00000000        0x0 c:/program files (x86)/gnu tools arm embedded/5.4 2016q3/bin/../lib/gcc/arm-none-eabi/5.4.1/../../../../arm-none-eabi/lib/armv7e-m\libg.a(lib_a-freer.o)
 .data          0x00000000        0x0 c:/program files (x86)/gnu tools arm embedded/5.4 2016q3/bin/../lib/gcc/arm-none-eabi/5.4.1/../../../../arm-none-eabi/lib/armv7e-m\libg.a(lib_a-freer.o)
 .bss           0x00000000        0x0 c:/program files (x86)/gnu tools arm embedded/5.4 2016q3/bin/../lib/gcc/arm-none-eabi/5.4.1/../../../../arm-none-eabi/lib/armv7e-m\libg.a(lib_a-freer.o)
 .text._malloc_trim_r
                0x00000000       0x9c c:/program files (x86)/gnu tools arm embedded/5.4 2016q3/bin/../lib/gcc/arm-none-eabi/5.4.1/../../../../arm-none-eabi/lib/armv7e-m\libg.a(lib_a-freer.o)
 .text._free_r  0x00000000      0x1d0 c:/program files (x86)/gnu tools arm embedded/5.4 2016q3/bin/../lib/gcc/arm-none-eabi/5.4.1/../../../../arm-none-eabi/lib/armv7e-m\libg.a(lib_a-freer.o)
 .debug_frame   0x00000000       0x74 c:/program files (x86)/gnu tools arm embedded/5.4 2016q3/bin/../lib/gcc/arm-none-eabi/5.4.1/../../../../arm-none-eabi/lib/armv7e-m\libg.a(lib_a-freer.o)
 .ARM.attributes
                0x00000000       0x2e c:/program files (x86)/gnu tools arm embedded/5.4 2016q3/bin/../lib/gcc/arm-none-eabi/5.4.1/../../../../arm-none-eabi/lib/armv7e-m\libg.a(lib_a-freer.o)
 .text          0x00000000        0x0 c:/program files (x86)/gnu tools arm embedded/5.4 2016q3/bin/../lib/gcc/arm-none-eabi/5.4.1/../../../../arm-none-eabi/lib/armv7e-m\libg.a(lib_a-impure.o)
 .data          0x00000000        0x0 c:/program files (x86)/gnu tools arm embedded/5.4 2016q3/bin/../lib/gcc/arm-none-eabi/5.4.1/../../../../arm-none-eabi/lib/armv7e-m\libg.a(lib_a-impure.o)
 .bss           0x00000000        0x0 c:/program files (x86)/gnu tools arm embedded/5.4 2016q3/bin/../lib/gcc/arm-none-eabi/5.4.1/../../../../arm-none-eabi/lib/armv7e-m\libg.a(lib_a-impure.o)
 .data.impure_data
                0x00000000      0x428 c:/program files (x86)/gnu tools arm embedded/5.4 2016q3/bin/../lib/gcc/arm-none-eabi/5.4.1/../../../../arm-none-eabi/lib/armv7e-m\libg.a(lib_a-impure.o)
 .data._impure_ptr
                0x00000000        0x4 c:/program files (x86)/gnu tools arm embedded/5.4 2016q3/bin/../lib/gcc/arm-none-eabi/5.4.1/../../../../arm-none-eabi/lib/armv7e-m\libg.a(lib_a-impure.o)
 .rodata._global_impure_ptr
                0x00000000        0x4 c:/program files (x86)/gnu tools arm embedded/5.4 2016q3/bin/../lib/gcc/arm-none-eabi/5.4.1/../../../../arm-none-eabi/lib/armv7e-m\libg.a(lib_a-impure.o)
 .ARM.attributes
                0x00000000       0x2e c:/program files (x86)/gnu tools arm embedded/5.4 2016q3/bin/../lib/gcc/arm-none-eabi/5.4.1/../../../../arm-none-eabi/lib/armv7e-m\libg.a(lib_a-impure.o)
 .text          0x00000000        0x0 c:/program files (x86)/gnu tools arm embedded/5.4 2016q3/bin/../lib/gcc/arm-none-eabi/5.4.1/../../../../arm-none-eabi/lib/armv7e-m\libg.a(lib_a-reent.o)
 .data          0x00000000        0x0 c:/program files (x86)/gnu tools arm embedded/5.4 2016q3/bin/../lib/gcc/arm-none-eabi/5.4.1/../../../../arm-none-eabi/lib/armv7e-m\libg.a(lib_a-reent.o)
 .bss           0x00000000        0x0 c:/program files (x86)/gnu tools arm embedded/5.4 2016q3/bin/../lib/gcc/arm-none-eabi/5.4.1/../../../../arm-none-eabi/lib/armv7e-m\libg.a(lib_a-reent.o)
 .text.cleanup_glue
                0x00000000       0x1c c:/program files (x86)/gnu tools arm embedded/5.4 2016q3/bin/../lib/gcc/arm-none-eabi/5.4.1/../../../../arm-none-eabi/lib/armv7e-m\libg.a(lib_a-reent.o)
 .text._reclaim_reent
                0x00000000       0x88 c:/program files (x86)/gnu tools arm embedded/5.4 2016q3/bin/../lib/gcc/arm-none-eabi/5.4.1/../../../../arm-none-eabi/lib/armv7e-m\libg.a(lib_a-reent.o)
 .debug_frame   0x00000000       0x58 c:/program files (x86)/gnu tools arm embedded/5.4 2016q3/bin/../lib/gcc/arm-none-eabi/5.4.1/../../../../arm-none-eabi/lib/armv7e-m\libg.a(lib_a-reent.o)
 .ARM.attributes
                0x00000000       0x2e c:/program files (x86)/gnu tools arm embedded/5.4 2016q3/bin/../lib/gcc/arm-none-eabi/5.4.1/../../../../arm-none-eabi/lib/armv7e-m\libg.a(lib_a-reent.o)
 COMMON         0x00000000        0x4 c:/program files (x86)/gnu tools arm embedded/5.4 2016q3/bin/../lib/gcc/arm-none-eabi/5.4.1/../../../../arm-none-eabi/lib/armv7e-m\libg.a(lib_a-reent.o)

Memory Configuration

Name             Origin             Length             Attributes
rom              0x08000000         0x00100000         xr
ram              0x20000000         0x00020000         xrw
ram1             0x10000000         0x00010000         xrw
*default*        0x00000000         0xffffffff

Linker script and memory map

                0x20020000                _eram = 0x20020000

.text           0x08000000     0x1c1f
 *(.isr_vector)
 .isr_vector    0x08000000      0x188 ..\obj\startup_stm32f4xx.o
                0x08000000                g_pfnVectors
 *(.text*)
 .text.Delay    0x08000188       0x58 ..\obj\tm_stm32f4_hd44780.o
 .text.TM_HD44780_Init
                0x080001e0       0xd0 ..\obj\tm_stm32f4_hd44780.o
                0x080001e0                TM_HD44780_Init
 .text.TM_HD44780_Clear
                0x080002b0       0x18 ..\obj\tm_stm32f4_hd44780.o
                0x080002b0                TM_HD44780_Clear
 .text.TM_HD44780_Puts
                0x080002c8       0xb8 ..\obj\tm_stm32f4_hd44780.o
                0x080002c8                TM_HD44780_Puts
 .text.TM_HD44780_DisplayOn
                0x08000380       0x2c ..\obj\tm_stm32f4_hd44780.o
                0x08000380                TM_HD44780_DisplayOn
 .text.TM_HD44780_Cmd
                0x080003ac       0x38 ..\obj\tm_stm32f4_hd44780.o
 .text.TM_HD44780_Data
                0x080003e4       0x38 ..\obj\tm_stm32f4_hd44780.o
 .text.TM_HD44780_Cmd4bit
                0x0800041c       0xa4 ..\obj\tm_stm32f4_hd44780.o
 .text.TM_HD44780_CursorSet
                0x080004c0       0x68 ..\obj\tm_stm32f4_hd44780.o
 .text.TM_HD44780_InitPins
                0x08000528       0xc0 ..\obj\tm_stm32f4_hd44780.o
 .text.Default_Reset_Handler
                0x080005e8       0x5c ..\obj\startup_stm32f4xx.o
                0x080005e8                Default_Reset_Handler
                0x080005e8                Reset_Handler
 .text.Default_Handler
                0x08000644        0x8 ..\obj\startup_stm32f4xx.o
                0x08000644                RTC_Alarm_IRQHandler
                0x08000644                HASH_RNG_IRQHandler
                0x08000644                EXTI2_IRQHandler
                0x08000644                TIM8_CC_IRQHandler
                0x08000644                DebugMon_Handler
                0x08000644                TIM1_CC_IRQHandler
                0x08000644                DMA2_Stream5_IRQHandler
                0x08000644                HardFault_Handler
                0x08000644                DMA1_Stream5_IRQHandler
                0x08000644                PVD_IRQHandler
                0x08000644                SDIO_IRQHandler
                0x08000644                TAMP_STAMP_IRQHandler
                0x08000644                PendSV_Handler
                0x08000644                NMI_Handler
                0x08000644                CAN2_RX1_IRQHandler
                0x08000644                EXTI3_IRQHandler
                0x08000644                TIM8_TRG_COM_TIM14_IRQHandler
                0x08000644                TIM1_UP_TIM10_IRQHandler
                0x08000644                TIM8_UP_TIM13_IRQHandler
                0x08000644                I2C3_ER_IRQHandler
                0x08000644                EXTI0_IRQHandler
                0x08000644                I2C2_EV_IRQHandler
                0x08000644                DMA1_Stream2_IRQHandler
                0x08000644                CAN1_RX0_IRQHandler
                0x08000644                FPU_IRQHandler
                0x08000644                OTG_HS_WKUP_IRQHandler
                0x08000644                UsageFault_Handler
                0x08000644                CAN2_SCE_IRQHandler
                0x08000644                DMA2_Stream2_IRQHandler
                0x08000644                SPI1_IRQHandler
                0x08000644                TIM6_DAC_IRQHandler
                0x08000644                TIM1_BRK_TIM9_IRQHandler
                0x08000644                DCMI_IRQHandler
                0x08000644                CAN2_RX0_IRQHandler
                0x08000644                DMA2_Stream3_IRQHandler
                0x08000644                USART6_IRQHandler
                0x08000644                USART3_IRQHandler
                0x08000644                CRYP_IRQHandler
                0x08000644                CAN1_RX1_IRQHandler
                0x08000644                UART5_IRQHandler
                0x08000644                DMA2_Stream0_IRQHandler
                0x08000644                TIM4_IRQHandler
                0x08000644                I2C1_EV_IRQHandler
                0x08000644                DMA1_Stream6_IRQHandler
                0x08000644                DMA1_Stream1_IRQHandler
                0x08000644                UART4_IRQHandler
                0x08000644                TIM3_IRQHandler
                0x08000644                RCC_IRQHandler
                0x08000644                TIM8_BRK_TIM12_IRQHandler
                0x08000644                EXTI15_10_IRQHandler
                0x08000644                ADC_IRQHandler
                0x08000644                DMA1_Stream7_IRQHandler
                0x08000644                TIM7_IRQHandler
                0x08000644                CAN2_TX_IRQHandler
                0x08000644                TIM5_IRQHandler
                0x08000644                DMA2_Stream7_IRQHandler
                0x08000644                I2C3_EV_IRQHandler
                0x08000644                EXTI9_5_IRQHandler
                0x08000644                RTC_WKUP_IRQHandler
                0x08000644                ETH_WKUP_IRQHandler
                0x08000644                SPI2_IRQHandler
                0x08000644                OTG_HS_EP1_IN_IRQHandler
                0x08000644                MemManage_Handler
                0x08000644                DMA1_Stream0_IRQHandler
                0x08000644                CAN1_TX_IRQHandler
                0x08000644                SVC_Handler
                0x08000644                EXTI4_IRQHandler
                0x08000644                FSMC_IRQHandler
                0x08000644                ETH_IRQHandler
                0x08000644                OTG_HS_EP1_OUT_IRQHandler
                0x08000644                WWDG_IRQHandler
                0x08000644                TIM2_IRQHandler
                0x08000644                OTG_FS_WKUP_IRQHandler
                0x08000644                TIM1_TRG_COM_TIM11_IRQHandler
                0x08000644                OTG_HS_IRQHandler
                0x08000644                EXTI1_IRQHandler
                0x08000644                USART2_IRQHandler
                0x08000644                I2C2_ER_IRQHandler
                0x08000644                DMA2_Stream1_IRQHandler
                0x08000644                CAN1_SCE_IRQHandler
                0x08000644                FLASH_IRQHandler
                0x08000644                DMA2_Stream4_IRQHandler
                0x08000644                BusFault_Handler
                0x08000644                USART1_IRQHandler
                0x08000644                OTG_FS_IRQHandler
                0x08000644                SPI3_IRQHandler
                0x08000644                DMA1_Stream4_IRQHandler
                0x08000644                I2C1_ER_IRQHandler
                0x08000644                DMA2_Stream6_IRQHandler
                0x08000644                DMA1_Stream3_IRQHandler
 .text.NVIC_SetPriority
                0x0800064c       0x54 ..\obj\main.o
 .text.SysTick_Config
                0x080006a0       0x44 ..\obj\main.o
 .text.Delayms  0x080006e4       0x58 ..\obj\main.o
 .text.ADC_init
                0x0800073c       0x88 ..\obj\main.o
                0x0800073c                ADC_init
 .text.main     0x080007c4      0x230 ..\obj\main.o
                0x080007c4                main
 .text.RCC_AHB1PeriphClockCmd
                0x080009f4       0x3c ..\obj\stm32f4xx_rcc.o
                0x080009f4                RCC_AHB1PeriphClockCmd
 .text.RCC_APB1PeriphClockCmd
                0x08000a30       0x3c ..\obj\stm32f4xx_rcc.o
                0x08000a30                RCC_APB1PeriphClockCmd
 .text.RCC_APB2PeriphClockCmd
                0x08000a6c       0x3c ..\obj\stm32f4xx_rcc.o
                0x08000a6c                RCC_APB2PeriphClockCmd
 .text.ADC_Init
                0x08000aa8       0xa8 ..\obj\stm32f4xx_adc.o
                0x08000aa8                ADC_Init
 .text.ADC_CommonInit
                0x08000b50       0x50 ..\obj\stm32f4xx_adc.o
                0x08000b50                ADC_CommonInit
 .text.ADC_Cmd  0x08000ba0       0x38 ..\obj\stm32f4xx_adc.o
                0x08000ba0                ADC_Cmd
 .text.ADC_RegularChannelConfig
                0x08000bd8      0x194 ..\obj\stm32f4xx_adc.o
                0x08000bd8                ADC_RegularChannelConfig
 .text.ADC_SoftwareStartConv
                0x08000d6c       0x20 ..\obj\stm32f4xx_adc.o
                0x08000d6c                ADC_SoftwareStartConv
 .text.ADC_GetConversionValue
                0x08000d8c       0x18 ..\obj\stm32f4xx_adc.o
                0x08000d8c                ADC_GetConversionValue
 .text.ADC_GetFlagStatus
                0x08000da4       0x34 ..\obj\stm32f4xx_adc.o
                0x08000da4                ADC_GetFlagStatus
 .text.NVIC_SetPriority
                0x08000dd8       0x54 ..\obj\tm_stm32f4_delay.o
 .text.SysTick_Config
                0x08000e2c       0x44 ..\obj\tm_stm32f4_delay.o
 .text.SysTick_Handler
                0x08000e70       0xf0 ..\obj\tm_stm32f4_delay.o
                0x08000e70                SysTick_Handler
 .text.TM_DELAY_Init
                0x08000f60       0x50 ..\obj\tm_stm32f4_delay.o
                0x08000f60                TM_DELAY_Init
 .text.GPIO_Init
                0x08000fb0      0x11c ..\obj\stm32f4xx_gpio.o
                0x08000fb0                GPIO_Init
 .text.GPIO_ReadInputDataBit
                0x080010cc       0x34 ..\obj\stm32f4xx_gpio.o
                0x080010cc                GPIO_ReadInputDataBit
 .text.GPIO_SetBits
                0x08001100       0x1c ..\obj\stm32f4xx_gpio.o
                0x08001100                GPIO_SetBits
 .text.GPIO_ResetBits
                0x0800111c       0x1c ..\obj\stm32f4xx_gpio.o
                0x0800111c                GPIO_ResetBits
 .text.DHT11_init
                0x08001138       0x78 ..\obj\a1.o
                0x08001138                DHT11_init
 .text.DHT11_read
                0x080011b0      0x1c8 ..\obj\a1.o
                0x080011b0                DHT11_read
 .text.SystemInit
                0x08001378       0x5c ..\obj\system_stm32f4xx.o
                0x08001378                SystemInit
 .text.SystemCoreClockUpdate
                0x080013d4       0xf8 ..\obj\system_stm32f4xx.o
                0x080013d4                SystemCoreClockUpdate
 .text.SetSysClock
                0x080014cc       0xf4 ..\obj\system_stm32f4xx.o
 .text.TM_GPIO_Init
                0x080015c0       0x48 ..\obj\tm_stm32f4_gpio.o
                0x080015c0                TM_GPIO_Init
 .text.TM_GPIO_GetPortSource
                0x08001608       0x20 ..\obj\tm_stm32f4_gpio.o
                0x08001608                TM_GPIO_GetPortSource
 .text.TM_GPIO_INT_EnableClock
                0x08001628       0x30 ..\obj\tm_stm32f4_gpio.o
                0x08001628                TM_GPIO_INT_EnableClock
 .text.TM_GPIO_INT_Init
                0x08001658      0x10c ..\obj\tm_stm32f4_gpio.o
                0x08001658                TM_GPIO_INT_Init
 .text.TIM_TimeBaseInit
                0x08001764       0xd4 ..\obj\stm32f4xx_tim.o
                0x08001764                TIM_TimeBaseInit
 .text.TIM_SetCounter
                0x08001838       0x1c ..\obj\stm32f4xx_tim.o
                0x08001838                TIM_SetCounter
 .text.TIM_GetCounter
                0x08001854       0x18 ..\obj\stm32f4xx_tim.o
                0x08001854                TIM_GetCounter
 .text.TIM_Cmd  0x0800186c       0x40 ..\obj\stm32f4xx_tim.o
                0x0800186c                TIM_Cmd
 .text          0x080018ac      0x21c c:/program files (x86)/gnu tools arm embedded/5.4 2016q3/bin/../lib/gcc/arm-none-eabi/5.4.1/armv7e-m\libgcc.a(_arm_addsubsf3.o)
                0x080018ac                __aeabi_frsub
                0x080018b4                __subsf3
                0x080018b4                __aeabi_fsub
                0x080018b8                __aeabi_fadd
                0x080018b8                __addsf3
                0x08001a18                __aeabi_ui2f
                0x08001a18                __floatunsisf
                0x08001a20                __aeabi_i2f
                0x08001a20                __floatsisf
                0x08001a3c                __aeabi_ul2f
                0x08001a3c                __floatundisf
                0x08001a4c                __aeabi_l2f
                0x08001a4c                __floatdisf
 .text          0x08001ac8       0xec c:/program files (x86)/gnu tools arm embedded/5.4 2016q3/bin/../lib/gcc/arm-none-eabi/5.4.1/armv7e-m\libgcc.a(_arm_cmpsf2.o)
                0x08001ac8                __gesf2
                0x08001ac8                __gtsf2
                0x08001ad0                __lesf2
                0x08001ad0                __ltsf2
                0x08001ad8                __nesf2
                0x08001ad8                __eqsf2
                0x08001ad8                __cmpsf2
                0x08001b38                __aeabi_cfrcmple
                0x08001b40                __aeabi_cfcmpeq
                0x08001b40                __aeabi_cfcmple
                0x08001b50                __aeabi_fcmpeq
                0x08001b64                __aeabi_fcmplt
                0x08001b78                __aeabi_fcmple
                0x08001b8c                __aeabi_fcmpge
                0x08001ba0                __aeabi_fcmpgt
 *(.init)
 *(.fini)
 *crtbegin.o(.ctors)
 *crtbegin?.o(.ctors)
 *(EXCLUDE_FILE(*crtend.o *crtend?.o) .ctors)
 *(SORT(.ctors.*))
 *(.ctors)
 *crtbegin.o(.dtors)
 *crtbegin?.o(.dtors)
 *(EXCLUDE_FILE(*crtend.o *crtend?.o) .dtors)
 *(SORT(.dtors.*))
 *(.dtors)
 *(.rodata*)
 .rodata        0x08001bb4        0x4 ..\obj\tm_stm32f4_hd44780.o
 .rodata        0x08001bb8       0x67 ..\obj\main.o
 *(.eh_fram e*)

.glue_7         0x08001c20        0x0
 .glue_7        0x08001c20        0x0 linker stubs

.glue_7t        0x08001c20        0x0
 .glue_7t       0x08001c20        0x0 linker stubs

.vfp11_veneer   0x08001c20        0x0
 .vfp11_veneer  0x08001c20        0x0 linker stubs

.v4_bx          0x08001c20        0x0
 .v4_bx         0x08001c20        0x0 linker stubs

.iplt           0x08001c20        0x0
 .iplt          0x08001c20        0x0 ..\obj\tm_stm32f4_hd44780.o

.rel.dyn        0x08001c20        0x0
 .rel.iplt      0x08001c20        0x0 ..\obj\tm_stm32f4_hd44780.o

.ARM.extab
 *(.ARM.extab* .gnu.linkonce.armextab.*)
                0x08001c20                __exidx_start = .

.ARM.exidx
 *(.ARM.exidx* .gnu.linkonce.armexidx.*)
                0x08001c20                __exidx_end = .
                0x08001c20                __etext = .
                0x08001c1f                _sidata = __etext

.data           0x20000000       0x14 load address 0x08001c1f
                0x20000000                __data_start__ = .
                0x20000000                _sdata = __data_start__
 *(vtable)
 *(.data*)
 .data          0x20000000       0x14 ..\obj\system_stm32f4xx.o
                0x20000000                SystemCoreClock
                0x20000004                AHBPrescTable
                0x20000014                . = ALIGN (0x4)
                [!provide]                PROVIDE (__preinit_array_start, .)
 *(.preinit_array)
                [!provide]                PROVIDE (__preinit_array_end, .)
                0x20000014                . = ALIGN (0x4)
                [!provide]                PROVIDE (__init_array_start, .)
 *(SORT(.init_array.*))
 *(.init_array)
                [!provide]                PROVIDE (__init_array_end, .)
                0x20000014                . = ALIGN (0x4)
                [!provide]                PROVIDE (__fini_array_start, .)
 *(SORT(.fini_array.*))
 *(.fini_array)
                [!provide]                PROVIDE (__fini_array_end, .)
 *(.jcr*)
                0x20000014                . = ALIGN (0x4)
                0x20000014                __data_end__ = .
                0x20000014                _edata = __data_end__

.igot.plt       0x20000014        0x0 load address 0x08001c34
 .igot.plt      0x20000014        0x0 ..\obj\tm_stm32f4_hd44780.o

.bss            0x20000014       0x64 load address 0x08001c34
                0x20000014                . = ALIGN (0x4)
                0x20000014                __bss_start__ = .
                0x20000014                _sbss = __bss_start__
 *(.bss*)
 .bss           0x20000014        0x7 ..\obj\tm_stm32f4_hd44780.o
 *fill*         0x2000001b        0x1 
 .bss           0x2000001c       0x28 ..\obj\tm_stm32f4_delay.o
                0x2000001c                TM_TimingDelay
                0x20000020                TM_Time
                0x20000024                TM_Time2
                0x20000028                TM_DELAY_Initialized
 .bss           0x20000044       0x16 ..\obj\tm_stm32f4_gpio.o
 *(COMMON)
 *fill*         0x2000005a        0x2 
 COMMON         0x2000005c       0x18 ..\obj\main.o
                0x2000005c                dev
                0x20000068                temparature1
                0x20000069                humidity1
                0x2000006c                str
                0x20000070                ADC_Result
 COMMON         0x20000074        0x4 ..\obj\tm_stm32f4_delay.o
                0x20000074                mult
                0x20000078                . = ALIGN (0x4)
                0x20000078                __bss_end__ = .
                0x20000078                _ebss = __bss_end__

.heap           0x20000078        0x0
                0x20000078                __end__ = .
                0x20000078                _end = __end__
                0x20000078                end = __end__
 *(.heap*)
                0x20000078                __HeapLimit = .

.co_stack       0x20000078      0x800 load address 0x08001c98
                0x20000078                . = ALIGN (0x8)
 *(.co_stack .co_stack.*)
 .co_stack      0x20000078      0x800 ..\obj\startup_stm32f4xx.o
                0x20000078                pulStack
                0x20020000                __StackTop = (ORIGIN (ram) + LENGTH (ram))
                0x2001f800                __StackLimit = (__StackTop - SIZEOF (.co_stack))
                [!provide]                PROVIDE (__stack, __StackTop)
                0x00000001                ASSERT ((__StackLimit >= __HeapLimit), region ram  overflowed with stack)
LOAD ..\obj\tm_stm32f4_hd44780.o
LOAD ..\obj\startup_stm32f4xx.o
LOAD ..\obj\main.o
LOAD ..\obj\stm32f4xx_rcc.o
LOAD ..\obj\stm32f4xx_adc.o
LOAD ..\obj\tm_stm32f4_delay.o
LOAD ..\obj\stm32f4xx_gpio.o
LOAD ..\obj\a1.o
LOAD ..\obj\system_stm32f4xx.o
LOAD ..\obj\stm32f4xx_exti.o
LOAD ..\obj\tm_stm32f4_gpio.o
LOAD ..\obj\tm_stm32f4_timer_properties.o
LOAD ..\obj\stm32f4xx_tim.o
START GROUP
LOAD c:/program files (x86)/gnu tools arm embedded/5.4 2016q3/bin/../lib/gcc/arm-none-eabi/5.4.1/armv7e-m\libgcc.a
LOAD c:/program files (x86)/gnu tools arm embedded/5.4 2016q3/bin/../lib/gcc/arm-none-eabi/5.4.1/../../../../arm-none-eabi/lib/armv7e-m\libg.a
LOAD c:/program files (x86)/gnu tools arm embedded/5.4 2016q3/bin/../lib/gcc/arm-none-eabi/5.4.1/../../../../arm-none-eabi/lib/armv7e-m\libc.a
END GROUP
OUTPUT(ProjektZaliczenie.elf elf32-littlearm)

.debug_info     0x00000000     0x6bae
 .debug_info    0x00000000      0x546 ..\obj\tm_stm32f4_hd44780.o
 .debug_info    0x00000546       0xf2 ..\obj\startup_stm32f4xx.o
 .debug_info    0x00000638      0xc28 ..\obj\main.o
 .debug_info    0x00001260      0xc63 ..\obj\stm32f4xx_rcc.o
 .debug_info    0x00001ec3      0xc40 ..\obj\stm32f4xx_adc.o
 .debug_info    0x00002b03      0xa24 ..\obj\tm_stm32f4_delay.o
 .debug_info    0x00003527      0x61a ..\obj\stm32f4xx_gpio.o
 .debug_info    0x00003b41      0x602 ..\obj\a1.o
 .debug_info    0x00004143      0x5c5 ..\obj\system_stm32f4xx.o
 .debug_info    0x00004708      0x83d ..\obj\tm_stm32f4_gpio.o
 .debug_info    0x00004f45     0x1c69 ..\obj\stm32f4xx_tim.o

.debug_abbrev   0x00000000     0x121e
 .debug_abbrev  0x00000000      0x199 ..\obj\tm_stm32f4_hd44780.o
 .debug_abbrev  0x00000199       0xb0 ..\obj\startup_stm32f4xx.o
 .debug_abbrev  0x00000249      0x277 ..\obj\main.o
 .debug_abbrev  0x000004c0      0x1e5 ..\obj\stm32f4xx_rcc.o
 .debug_abbrev  0x000006a5      0x198 ..\obj\stm32f4xx_adc.o
 .debug_abbrev  0x0000083d      0x2cf ..\obj\tm_stm32f4_delay.o
 .debug_abbrev  0x00000b0c      0x1a7 ..\obj\stm32f4xx_gpio.o
 .debug_abbrev  0x00000cb3      0x159 ..\obj\a1.o
 .debug_abbrev  0x00000e0c      0x138 ..\obj\system_stm32f4xx.o
 .debug_abbrev  0x00000f44      0x151 ..\obj\tm_stm32f4_gpio.o
 .debug_abbrev  0x00001095      0x189 ..\obj\stm32f4xx_tim.o

.debug_aranges  0x00000000      0x8c8
 .debug_aranges
                0x00000000       0xb0 ..\obj\tm_stm32f4_hd44780.o
 .debug_aranges
                0x000000b0       0x28 ..\obj\startup_stm32f4xx.o
 .debug_aranges
                0x000000d8       0x40 ..\obj\main.o
 .debug_aranges
                0x00000118      0x178 ..\obj\stm32f4xx_rcc.o
 .debug_aranges
                0x00000290      0x148 ..\obj\stm32f4xx_adc.o
 .debug_aranges
                0x000003d8       0x80 ..\obj\tm_stm32f4_delay.o
 .debug_aranges
                0x00000458       0x88 ..\obj\stm32f4xx_gpio.o
 .debug_aranges
                0x000004e0       0x28 ..\obj\a1.o
 .debug_aranges
                0x00000508       0x30 ..\obj\system_stm32f4xx.o
 .debug_aranges
                0x00000538       0x98 ..\obj\tm_stm32f4_gpio.o
 .debug_aranges
                0x000005d0      0x2f8 ..\obj\stm32f4xx_tim.o

.debug_ranges   0x00000000      0x818
 .debug_ranges  0x00000000       0xa0 ..\obj\tm_stm32f4_hd44780.o
 .debug_ranges  0x000000a0       0x18 ..\obj\startup_stm32f4xx.o
 .debug_ranges  0x000000b8       0x30 ..\obj\main.o
 .debug_ranges  0x000000e8      0x168 ..\obj\stm32f4xx_rcc.o
 .debug_ranges  0x00000250      0x138 ..\obj\stm32f4xx_adc.o
 .debug_ranges  0x00000388       0x70 ..\obj\tm_stm32f4_delay.o
 .debug_ranges  0x000003f8       0x78 ..\obj\stm32f4xx_gpio.o
 .debug_ranges  0x00000470       0x18 ..\obj\a1.o
 .debug_ranges  0x00000488       0x20 ..\obj\system_stm32f4xx.o
 .debug_ranges  0x000004a8       0x88 ..\obj\tm_stm32f4_gpio.o
 .debug_ranges  0x00000530      0x2e8 ..\obj\stm32f4xx_tim.o

.debug_line     0x00000000     0x2d87
 .debug_line    0x00000000      0x422 ..\obj\tm_stm32f4_hd44780.o
 .debug_line    0x00000422       0xa5 ..\obj\startup_stm32f4xx.o
 .debug_line    0x000004c7      0x321 ..\obj\main.o
 .debug_line    0x000007e8      0x5d5 ..\obj\stm32f4xx_rcc.o
 .debug_line    0x00000dbd      0x58d ..\obj\stm32f4xx_adc.o
 .debug_line    0x0000134a      0x39a ..\obj\tm_stm32f4_delay.o
 .debug_line    0x000016e4      0x390 ..\obj\stm32f4xx_gpio.o
 .debug_line    0x00001a74      0x273 ..\obj\a1.o
 .debug_line    0x00001ce7      0x20a ..\obj\system_stm32f4xx.o
 .debug_line    0x00001ef1      0x3a5 ..\obj\tm_stm32f4_gpio.o
 .debug_line    0x00002296      0xaf1 ..\obj\stm32f4xx_tim.o

.debug_str      0x00000000     0x2c62
 .debug_str     0x00000000      0x493 ..\obj\tm_stm32f4_hd44780.o
                                0x500 (size before relaxing)
 .debug_str     0x00000493       0xb4 ..\obj\startup_stm32f4xx.o
                                0x14b (size before relaxing)
 .debug_str     0x00000547      0x973 ..\obj\main.o
                                0xbc5 (size before relaxing)
 .debug_str     0x00000eba      0x667 ..\obj\stm32f4xx_rcc.o
                                0x854 (size before relaxing)
 .debug_str     0x00001521      0x502 ..\obj\stm32f4xx_adc.o
                                0x808 (size before relaxing)
 .debug_str     0x00001a23      0x20b ..\obj\tm_stm32f4_delay.o
                                0x9da (size before relaxing)
 .debug_str     0x00001c2e      0x191 ..\obj\stm32f4xx_gpio.o
                                0x4a7 (size before relaxing)
 .debug_str     0x00001dbf      0x171 ..\obj\a1.o
                                0x4ee (size before relaxing)
 .debug_str     0x00001f30       0xb8 ..\obj\system_stm32f4xx.o
                                0x3ae (size before relaxing)
 .debug_str     0x00001fe8      0x1f0 ..\obj\tm_stm32f4_gpio.o
                                0x5b7 (size before relaxing)
 .debug_str     0x000021d8      0xa8a ..\obj\stm32f4xx_tim.o
                                0xdd4 (size before relaxing)

.comment        0x00000000       0x6e
 .comment       0x00000000       0x6e ..\obj\tm_stm32f4_hd44780.o
                                 0x6f (size before relaxing)
 .comment       0x0000006e       0x6f ..\obj\startup_stm32f4xx.o
 .comment       0x0000006e       0x6f ..\obj\main.o
 .comment       0x0000006e       0x6f ..\obj\stm32f4xx_rcc.o
 .comment       0x0000006e       0x6f ..\obj\stm32f4xx_adc.o
 .comment       0x0000006e       0x6f ..\obj\tm_stm32f4_delay.o
 .comment       0x0000006e       0x6f ..\obj\stm32f4xx_gpio.o
 .comment       0x0000006e       0x6f ..\obj\a1.o
 .comment       0x0000006e       0x6f ..\obj\system_stm32f4xx.o
 .comment       0x0000006e       0x6f ..\obj\tm_stm32f4_gpio.o
 .comment       0x0000006e       0x6f ..\obj\stm32f4xx_tim.o

.ARM.attributes
                0x00000000       0x33
 .ARM.attributes
                0x00000000       0x33 ..\obj\tm_stm32f4_hd44780.o
 .ARM.attributes
                0x00000033       0x33 ..\obj\startup_stm32f4xx.o
 .ARM.attributes
                0x00000066       0x33 ..\obj\main.o
 .ARM.attributes
                0x00000099       0x33 ..\obj\stm32f4xx_rcc.o
 .ARM.attributes
                0x000000cc       0x33 ..\obj\stm32f4xx_adc.o
 .ARM.attributes
                0x000000ff       0x33 ..\obj\tm_stm32f4_delay.o
 .ARM.attributes
                0x00000132       0x33 ..\obj\stm32f4xx_gpio.o
 .ARM.attributes
                0x00000165       0x33 ..\obj\a1.o
 .ARM.attributes
                0x00000198       0x33 ..\obj\system_stm32f4xx.o
 .ARM.attributes
                0x000001cb       0x33 ..\obj\tm_stm32f4_gpio.o
 .ARM.attributes
                0x000001fe       0x33 ..\obj\stm32f4xx_tim.o
 .ARM.attributes
                0x00000231       0x1e c:/program files (x86)/gnu tools arm embedded/5.4 2016q3/bin/../lib/gcc/arm-none-eabi/5.4.1/armv7e-m\libgcc.a(_arm_addsubsf3.o)
 .ARM.attributes
                0x0000024f       0x1e c:/program files (x86)/gnu tools arm embedded/5.4 2016q3/bin/../lib/gcc/arm-none-eabi/5.4.1/armv7e-m\libgcc.a(_arm_cmpsf2.o)

.debug_frame    0x00000000     0x2610
 .debug_frame   0x00000000      0x278 ..\obj\tm_stm32f4_hd44780.o
 .debug_frame   0x00000278       0x4c ..\obj\startup_stm32f4xx.o
 .debug_frame   0x000002c4       0xc8 ..\obj\main.o
 .debug_frame   0x0000038c      0x6d4 ..\obj\stm32f4xx_rcc.o
 .debug_frame   0x00000a60      0x5ec ..\obj\stm32f4xx_adc.o
 .debug_frame   0x0000104c      0x1ec ..\obj\tm_stm32f4_delay.o
 .debug_frame   0x00001238      0x23c ..\obj\stm32f4xx_gpio.o
 .debug_frame   0x00001474       0x58 ..\obj\a1.o
 .debug_frame   0x000014cc       0x7c ..\obj\system_stm32f4xx.o
 .debug_frame   0x00001548      0x274 ..\obj\tm_stm32f4_gpio.o
 .debug_frame   0x000017bc      0xe54 ..\obj\stm32f4xx_tim.o
